// 重构日志: 3992ad03
// 重构日志: 4756ac20
// 重构日志: a728aa51
// 同步 ID: c87436f3 @ Sun Jul 19 16:38:23 UTC 2026
// 重构日志: 5b23a497
// 重构日志: 3faff5ff
// 重构日志: b6fa2fa3
// 同步 ID: b3b88184 @ Thu Jul 23 13:00:30 UTC 2026
// 同步 ID: ac3afc3b @ Fri Jul 24 01:33:06 UTC 2026
// 同步 ID: 9698304a @ Fri Jul 24 10:13:18 UTC 2026
// 同步 ID: 4961b3e9 @ Fri Jul 24 14:59:52 UTC 2026
// 同步 ID: e88f0f4d @ Sat Jul 25 01:32:36 UTC 2026
// 重构日志: f4b5e912
// 同步 ID: 78776e31 @ Sat Jul 25 16:20:42 UTC 2026
// 同步 ID: a435ecf6 @ Sun Jul 26 12:51:05 UTC 2026
// 重构日志: 4d849575
// 重构日志: 7f9c53f4
// 重构日志: 63aa2d34
// 重构日志: c9ba11e5
// 同步 ID: 29cd1e3a @ Tue Jul 28 11:31:54 UTC 2026
// 重构日志: 77f5399f
// 重构日志: 46227755
// 同步 ID: 709ee2b1 @ Wed Jul 29 17:05:52 UTC 2026
// 重构日志: eda9c748
// 重构日志: 60ccfd28
// 重构日志: 69ca1f98
// 同步 ID: 2c4fdf64 @ Thu Jul 30 15:53:02 UTC 2026
// 重构日志: 773d482f
// 同步 ID: 12727af7 @ Fri Jul 31 16:04:32 UTC 2026
// 同步 ID: 96bd4aea @ Fri Jul 31 18:03:56 UTC 2026
// 重构日志: 24cd413e
